============================= test session starts =============================
platform win32 -- Python 3.13.1, pytest-8.1.1, pluggy-1.6.0 -- D:\Projects\Inspiron 5.0\AI-Email-Coordination-Assistant\venv\Scripts\python.exe
cachedir: .pytest_cache
rootdir: D:\Projects\Inspiron 5.0\AI-Email-Coordination-Assistant
plugins: anyio-4.12.1
collecting ... collected 8 items

tests/test_overlap_resolver.py::test_basic_two_participant_overlap FAILED [ 12%]
tests/test_overlap_resolver.py::test_no_overlap PASSED                   [ 25%]
tests/test_overlap_resolver.py::test_three_participant_overlap FAILED    [ 37%]
tests/test_overlap_resolver.py::test_multiple_overlapping_windows FAILED [ 50%]
tests/test_overlap_resolver.py::test_empty_availability PASSED           [ 62%]
tests/test_overlap_resolver.py::test_single_participant PASSED           [ 75%]
tests/test_overlap_resolver.py::test_minimum_duration_filter PASSED      [ 87%]
tests/test_overlap_resolver.py::test_describe_no_overlap PASSED          [100%]

================================== FAILURES ===================================
_____________________ test_basic_two_participant_overlap ______________________

    def test_basic_two_participant_overlap():
        slots = {
            "alice@example.com": [(utc(2025, 4, 1, 10), utc(2025, 4, 1, 12))],
            "bob@example.com":   [(utc(2025, 4, 1, 11), utc(2025, 4, 1, 13))],
        }
        result = find_overlaps(slots)
>       assert len(result) == 1
E       assert 0 == 1
E        +  where 0 = len([])

tests\test_overlap_resolver.py:16: AssertionError
_______________________ test_three_participant_overlap ________________________

    def test_three_participant_overlap():
        slots = {
            "a@x.com": [(utc(2025, 4, 1, 9), utc(2025, 4, 1, 17))],
            "b@x.com": [(utc(2025, 4, 1, 10), utc(2025, 4, 1, 15))],
            "c@x.com": [(utc(2025, 4, 1, 11), utc(2025, 4, 1, 13))],
        }
        result = find_overlaps(slots)
>       assert len(result) == 1
E       assert 0 == 1
E        +  where 0 = len([])

tests\test_overlap_resolver.py:36: AssertionError
______________________ test_multiple_overlapping_windows ______________________

    def test_multiple_overlapping_windows():
        slots = {
            "a@x.com": [
                (utc(2025, 4, 1, 9), utc(2025, 4, 1, 11)),
                (utc(2025, 4, 1, 14), utc(2025, 4, 1, 16)),
            ],
            "b@x.com": [
                (utc(2025, 4, 1, 10), utc(2025, 4, 1, 12)),
                (utc(2025, 4, 1, 14, 30), utc(2025, 4, 1, 17)),
            ],
        }
        result = find_overlaps(slots)
>       assert len(result) == 2
E       assert 0 == 2
E        +  where 0 = len([])

tests\test_overlap_resolver.py:53: AssertionError
=========================== short test summary info ===========================
FAILED tests/test_overlap_resolver.py::test_basic_two_participant_overlap - a...
FAILED tests/test_overlap_resolver.py::test_three_participant_overlap - asser...
FAILED tests/test_overlap_resolver.py::test_multiple_overlapping_windows - as...
========================= 3 failed, 5 passed in 0.14s =========================
